// Vitest Snapshot v1, https://vitest.dev/guide/snapshot.html

exports[`<Markdown> component > renders the markdown in the correct format for browsers 1`] = `
"<!DOCTYPE html PUBLIC "-//W3C//DTD XHTML 1.0 Transitional//EN" "http://www.w3.org/TR/xhtml1/DTD/xhtml1-transitional.dtd"><div style=""><h1 data-id="vue-email-heading" style="font-weight:500;padding-top:20;font-size:2.5rem">Markdown Test Document</h1>

<p data-id="vue-email-text">This is a <strong data-id="vue-email-text" style="font-weight:bold">test document</strong> to check the capabilities of a Markdown parser.</p>

<h2 data-id="vue-email-heading" style="font-weight:500;padding-top:20;font-size:2rem">Headings</h2>

<h3 data-id="vue-email-heading" style="font-weight:500;padding-top:20;font-size:1.75rem">Third-Level Heading</h3>

<h4 data-id="vue-email-heading" style="font-weight:500;padding-top:20;font-size:1.5rem">Fourth-Level Heading</h4>

<h5 data-id="vue-email-heading" style="font-weight:500;padding-top:20;font-size:1.25rem">Fifth-Level Heading</h5>

<h6 data-id="vue-email-heading" style="font-weight:500;padding-top:20;font-size:1rem">Sixth-Level Heading</h6>

<h2 data-id="vue-email-heading" style="font-weight:500;padding-top:20;font-size:2rem">Text Formatting</h2>

<p data-id="vue-email-text">This is some <strong data-id="vue-email-text" style="font-weight:bold">bold text</strong> and this is some <em data-id="vue-email-text" style="font-style:italic">italic text</em>. You can also use <del>strikethrough</del> and <code style="color:#212529;font-size:87.5%;display:inline;background: #f8f8f8;font-family:SFMono-Regular,Menlo,Monaco,Consolas,monospace;word-wrap:break-word">inline code</code>.</p>

<h2 data-id="vue-email-heading" style="font-weight:500;padding-top:20;font-size:2rem">Lists</h2>

<ol><li>Ordered List Item 1</li>
<li>Ordered List Item 2</li>
<li>Ordered List Item 3</li>
<li><ul></ul></li><li>Unordered List Item 1</li>
<li></li><li>Unordered List Item 2</li>
<li></li><li>Unordered List Item 3</li>
</ol>
<h2 data-id="vue-email-heading" style="font-weight:500;padding-top:20;font-size:2rem">Links</h2>

<p data-id="vue-email-text"><a href="https://www.markdownguide.org" style="color:#007bff;text-decoration:underline;background-color:transparent" data-id="vue-email-link" target="_blank">Markdown Guide</a></p>

<h2 data-id="vue-email-heading" style="font-weight:500;padding-top:20;font-size:2rem">Images</h2>

<img alt="Markdown Logo" src="https://markdown-here.com/img/icon256.png">

<h2 data-id="vue-email-heading" style="font-weight:500;padding-top:20;font-size:2rem">Blockquotes</h2>

<blockquote style="background:#f9f9f9;border-left:10px solid #ccc;margin:1.5em 10px;padding:1em 10px">
<p data-id="vue-email-text">This is a blockquote.</p>
<li>Author</li>

</blockquote>
<h2 data-id="vue-email-heading" style="font-weight:500;padding-top:20;font-size:2rem">Code Blocks</h2>

<pre style="color:#212529;font-size:87.5%;display:inline;background: #f8f8f8;font-family:SFMono-Regular,Menlo,Monaco,Consolas,monospace;padding-top:10;padding-right:10;padding-left:10;padding-bottom:1;margin-bottom:20;word-wrap:break-word">
  function greet(name) {
  console.log(<code style="color:#212529;font-size:87.5%;display:inline;background: #f8f8f8;font-family:SFMono-Regular,Menlo,Monaco,Consolas,monospace;word-wrap:break-word">Hello, \${name}!</code>);
  }
</pre></div>"
`;
